{
  "team": {
    "c": true,
    "r": true,
    "u": false,
    "d": true
  },
  "company": {
    "c": true,
    "r": false,
    "u": true,
    "d": false
  },
  "responseTeam": {
    "c": true,
    "r": true,
    "u": true,
    "d": true
  },
  "response": {
    "c": true,
    "r": true,
    "u": true,
    "d": true
  },
  "responseRole": {
    "c": true,
    "r": true,
    "u": true,
    "d": true
  },
  "role": {
    "c": true,
    "r": true,
    "u": false,
    "d": true
  },
  "user": {
    "c": true,
    "r": true,
    "u": true,
    "d": true
  },
  "group": {
    "c": true,
    "r": true,
    "u": true,
    "d": true
  },
  "userGroup": {
    "c": true,
    "r": true,
    "u": true,
    "d": true
  }
}