{
  "team": {
    "c": true,
    "r": true,
    "u": false,
    "d": true
  },
  "company": {
    "c": true,
    "r": false,
    "u": true,
    "d": true
  },
  "responseTeam": {
    "c": true,
    "r": true,
    "u": true,
    "d": true
  }
}